-------------------------------------------------------------------------------------------------------
       log:  C:\Projects\FFL\DM1\DM_mineq_T6even.log
  log type:  text
 opened on:  30 Apr 2010, 09:32:31

. use usmen0305_occ_10;

. drop marr nonwhite uhrswk class alloc pub occ* ind*;

. gen time=1;

.  save temp1, replace;
file temp1.dta saved

. use usmen8385_occ_10,clear;

. drop marr nonwhite uhrswk class alloc pub occ* ind*;

. gen time=0;

.  save temp0, replace ;
file temp0.dta saved

. *** use artificial time=2 to store reweighted sample;
. replace time=2;
(23278 real changes made)

.  append using temp0;

. append using temp1;

. save temp012,replace;
file temp012.dta saved

. *compute weights;
.  * interactions;
. gen uned0=ed0*covered;

.  gen uned1=ed1*covered;

.  gen uned2=ed2*covered;

. gen uned4=ed4*covered;

.  gen uned5=ed5*covered;

.  gen unex1=ex1*covered;

. gen unex2=ex2*covered;

.  gen unex3=ex3*covered;

.  gen unex4=ex4*covered;

. gen unex6=ex6*covered;

.  gen unex7=ex7*covered;

.  gen unex8=ex8*covered;

. gen unex9=ex9*covered;

. *quadratic interactions;
. gen ex1ed0=ed0*ex1;

.  gen ex1ed1=ed1*ex1;

.  gen ex1ed2=ed2*ex1;

. gen ex1ed4=ed4*ex1;

.  gen ex1ed5=ed5*ex1;

.  gen ex2ed0=ed0*ex2;

. gen ex2ed1=ed1*ex2;

.  gen ex2ed2=ed2*ex2;

.  gen ex2ed4=ed4*ex2;

. gen ex2ed5=ed5*ex2;

.  gen ex3ed0=ed0*ex3;

.  gen ex3ed1=ed1*ex3;

.                 gen ex3ed2=ed2*ex3;

.  gen ex3ed4=ed4*ex3;

.  gen ex3ed5=ed5*ex3;

. gen ex4ed0=ed0*ex4;

.  gen ex4ed1=ed1*ex4;

.  gen ex4ed2=ed2*ex4;

. gen ex4ed4=ed4*ex4;

.  gen ex4ed5=ed5*ex4;

.  gen ex6ed0=ed0*ex6;

. gen ex6ed1=ed1*ex6;

.  gen ex6ed2=ed2*ex6;

.  gen ex6ed4=ed4*ex6;

. gen ex6ed5=ed5*ex6;

.  gen ex7ed0=ed0*ex7;

.  gen ex7ed1=ed1*ex7;

.                 gen ex7ed2=ed2*ex7;

.  gen ex7ed4=ed4*ex7;

.  gen ex7ed5=ed5*ex7;

. gen ex8ed0=ed0*ex8;

.  gen ex8ed1=ed1*ex8;

.  gen ex8ed2=ed2*ex8;

. gen ex8ed4=ed4*ex8;

.  gen ex8ed5=ed5*ex8;

.  gen ex9ed0=ed0*ex9;

. gen ex9ed1=ed1*ex9;

.  gen ex9ed2=ed2*ex9;

.  gen ex9ed4=ed4*ex9;

. gen ex9ed5=ed5*ex9;

. ***probit for year effect;
.                                    probit time covered ed0 ed1 ed3 ed4 ed5 ex1-ex4 ex6-ex9  /*
>    */ uned* unex* ex1ed* ex2ed* ex3ed* ex4ed* ex6ed* /*
>    */ ex7ed* ex8ed* ex9ed* [iweight=eweight] if time==0 | time==1 ;

Iteration 0:   log likelihood = -2.001e+08
Iteration 1:   log likelihood = -1.883e+08
Iteration 2:   log likelihood = -1.883e+08
Iteration 3:   log likelihood = -1.883e+08
Iteration 4:   log likelihood = -1.883e+08

Probit regression                                 Number of obs   =  288779362
                                                  LR chi2(67)     =  2.375e+07
                                                  Prob > chi2     =     0.0000
Log likelihood = -1.883e+08                       Pseudo R2       =     0.0593

------------------------------------------------------------------------------
        time |      Coef.   Std. Err.      z    P>|z|     [95% Conf. Interval]
-------------+----------------------------------------------------------------
     covered |  -.4896647   .0006471  -756.66   0.000    -.4909331   -.4883963
         ed0 |   .0399857   .0009759    40.97   0.000      .038073    .0418985
         ed1 |  -.1350314   .0009274  -145.59   0.000    -.1368492   -.1332137
         ed3 |   .2207207    .000622   354.85   0.000     .2195016    .2219398
         ed4 |   .4394912   .0007094   619.49   0.000     .4381007    .4408816
         ed5 |   .1570265   .0008197   191.56   0.000     .1554199    .1586331
         ex1 |  -.4420923   .0006099  -724.89   0.000    -.4432877    -.440897
         ex2 |  -.3608776   .0006401  -563.81   0.000    -.3621321   -.3596231
         ex3 |  -.3187035    .000644  -494.89   0.000    -.3199657   -.3174413
         ex4 |  -.1508491   .0006749  -223.53   0.000    -.1521718   -.1495264
         ex6 |   .2063787   .0007423   278.03   0.000     .2049238    .2078335
         ex7 |   .2970944   .0007791   381.32   0.000     .2955674    .2986215
         ex8 |   .0595596   .0008765    67.95   0.000     .0578417    .0612776
         ex9 |  -.0198037   .0010118   -19.57   0.000    -.0217868   -.0178206
       uned0 |  -.4506937   .0010878  -414.33   0.000    -.4528256   -.4485617
       uned1 |   -.442808   .0008044  -550.46   0.000    -.4443847   -.4412314
       uned2 |  -.1915732   .0004943  -387.57   0.000     -.192542   -.1906044
       uned4 |     .15467   .0006596   234.48   0.000     .1533772    .1559629
       uned5 |   .1148118   .0007442   154.28   0.000     .1133533    .1162704
       unex1 |   .2481834   .0008897   278.95   0.000     .2464396    .2499272
       unex2 |   .1866338   .0007691   242.65   0.000     .1851263    .1881413
       unex3 |   .0182358   .0007373    24.73   0.000     .0167908    .0196809
       unex4 |     .04218   .0007428    56.78   0.000     .0407241    .0436359
       unex6 |   .1762829   .0007793   226.21   0.000     .1747556    .1778103
       unex7 |   .2063109   .0008041   256.57   0.000     .2047349     .207887
       unex8 |   .3294237   .0008911   369.69   0.000     .3276772    .3311703
       unex9 |   .2586442   .0009632   268.52   0.000     .2567564    .2605321
      ex1ed0 |  -.2714368   .0023444  -115.78   0.000    -.2760318   -.2668418
      ex1ed1 |   .1204285   .0011132   108.18   0.000     .1182466    .1226104
      ex1ed2 |  -.1062339   .0007874  -134.92   0.000    -.1077771   -.1046907
      ex1ed4 |  -.3597578   .0009666  -372.20   0.000    -.3616522   -.3578633
      ex1ed5 |   -.488651   .0012465  -392.00   0.000    -.4910942   -.4862078
      ex2ed0 |   .0484018    .001647    29.39   0.000     .0451737    .0516299
      ex2ed1 |   .0652797   .0012123    53.85   0.000     .0629036    .0676558
      ex2ed2 |  -.1671013   .0007965  -209.79   0.000    -.1686624   -.1655401
      ex2ed4 |  -.2708565   .0009557  -283.41   0.000    -.2727297   -.2689834
      ex2ed5 |    -.29177   .0011171  -261.20   0.000    -.2939594   -.2895806
      ex3ed0 |   .2156716   .0014873   145.00   0.000     .2127565    .2185868
      ex3ed1 |    .037489   .0012581    29.80   0.000     .0350231    .0399549
      ex3ed2 |  -.0592958   .0008003   -74.10   0.000    -.0608643   -.0577273
      ex3ed4 |  -.1818371   .0009592  -189.58   0.000     -.183717   -.1799571
      ex3ed5 |  -.2232591    .001094  -204.08   0.000    -.2254032   -.2211149
      ex4ed0 |   .0955381   .0014571    65.57   0.000     .0926822     .098394
      ex4ed1 |  -.0597507   .0012926   -46.23   0.000    -.0622841   -.0572173
      ex4ed2 |   .0209055   .0008293    25.21   0.000       .01928    .0225309
      ex4ed4 |  -.0680986   .0010161   -67.02   0.000    -.0700902   -.0661071
      ex4ed5 |  -.1414597   .0011303  -125.15   0.000     -.143675   -.1392443
      ex6ed0 |  -.5032656   .0015261  -329.77   0.000    -.5062568   -.5002745
      ex6ed1 |  -.3772833   .0013934  -270.77   0.000    -.3800143   -.3745524
      ex6ed2 |  -.1816316   .0008985  -202.15   0.000    -.1833926   -.1798705
      ex6ed4 |  -.3225183   .0011119  -290.06   0.000    -.3246975    -.320339
      ex6ed5 |   -.102164   .0012357   -82.68   0.000    -.1045858   -.0997421
      ex7ed0 |  -.7149736   .0015245  -469.00   0.000    -.7179614   -.7119857
      ex7ed1 |   -.332645    .001434  -231.96   0.000    -.3354557   -.3298344
      ex7ed2 |  -.2636002   .0009436  -279.36   0.000    -.2654495   -.2617508
      ex7ed4 |  -.4051258   .0011567  -350.24   0.000     -.407393   -.4028587
      ex7ed5 |  -.2004439    .001288  -155.62   0.000    -.2029684   -.1979194
      ex8ed0 |  -.5938224   .0015656  -379.30   0.000    -.5968909   -.5907539
      ex8ed1 |  -.5519802   .0015841  -348.45   0.000     -.555085   -.5488754
      ex8ed2 |  -.2023333   .0010473  -193.20   0.000    -.2043859   -.2002807
      ex8ed4 |   -.453694   .0013508  -335.88   0.000    -.4563415   -.4510466
      ex8ed5 |  -.0131564   .0015319    -8.59   0.000     -.016159   -.0101539
      ex9ed0 |   -.918645   .0015184  -605.01   0.000     -.921621    -.915669
      ex9ed1 |  -.3263301   .0015213  -214.51   0.000    -.3293118   -.3233485
      ex9ed2 |  -.2336276   .0011829  -197.51   0.000     -.235946   -.2313093
      ex9ed4 |  -.3042261   .0018286  -166.38   0.000      -.30781   -.3006422
      ex9ed5 |   .0271646   .0031618     8.59   0.000     .0209676    .0333615
       _cons |   .2219814   .0004165   532.97   0.000      .221165    .2227977
------------------------------------------------------------------------------

. predict py0305, p;

. summ py0305 , detail;

                          Pr(time)
-------------------------------------------------------------
      Percentiles      Smallest
 1%     .1553051       .0872008
 5%     .2116812       .0872008
10%     .2921824       .0872008       Obs               63625
25%     .3798033       .0872008       Sum of Wgt.       63625

50%     .4812715                      Mean           .4771469
                        Largest       Std. Dev.      .1418674
75%     .5878358       .7702883
90%     .6710094       .7702883       Variance       .0201264
95%     .7072377       .7702883       Skewness       -.176437
99%     .7702883       .7702883       Kurtosis       2.685469

. summ time [weight=eweight] if time==0 | time==1 ;
(analytic weights assumed)

    Variable |     Obs      Weight        Mean   Std. Dev.       Min        Max
-------------+-----------------------------------------------------------------
        time |   40347   288779362    .4926679   .4999524          0          1

. gen pbar=r(mean);

. replace eweight=eweight*py0305/(1-py0305)*((1-pbar)/pbar)  if time==2;
(23278 real changes made)

. forvalues it = 0(1)2 {  ;
  2. ** get rif for 10, 50 and 90 centiles;
. pctile valx=lwage if time==`it' [aweight=eweight], nq(100) ;
  3. kdensity lwage [aweight=eweight] if time==`it', at(valx) gen(evalt`it' denst`it') width(0.065) nog
> raph ;
  4.  forvalues qt = 10(40)90 {      ;
  5.  local qc = `qt'/100.0;
  6.  gen rif`it'_`qt'=evalt`it'[`qt']+`qc'/denst`it'[`qt'] if lwage>=evalt`it'[`qt'] & time==`it';
  7.  replace rif`it'_`qt'=evalt`it'[`qt']-(1-`qc')/denst`it'[`qt'] if lwage<evalt`it'[`qt']& time==`it
> ';
  8.   };
  9.  drop valx;
 10. ** get rif for gini and variance;
. foreach stat of newlist gini var {;
 11. rifreg lwage covered ed0-ed1 ed3-ed5 ex1-ex4 ex6-ex9 
>    [aweight=eweight] if time==`it' , `stat' retain(rif`it'_`stat');
 12.    };
 13. sum lwage [weight=eweight] if time==`it' , detail;
 14. gen var_`it'=r(sd)^2;
 15. fastgini lwage [w=eweight] if time==`it' ;
 16.  gen gini_`it'=r(gini);
 17.  };
(42694 missing values generated)
(2347 real changes made)
(51987 missing values generated)
(11640 real changes made)
(61248 missing values generated)
(20901 real changes made)

      Source |       SS       df       MS              Number of obs =   23278
-------------+------------------------------           F( 14, 23263) =  407.33
       Model |  70.3167518    14  5.02262513           Prob > F      =  0.0000
    Residual |  286.848674 23263  .012330683           R-squared     =  0.1969
-------------+------------------------------           Adj R-squared =  0.1964
       Total |  357.165425 23277  .015344135           Root MSE      =  .11104
------------------------------------------------------------------------------
   rif0_gini |      Coef.   Std. Err.      t    P>|t|     [95% Conf. Interval]
-------------+----------------------------------------------------------------
     covered |  -.0620721   .0017012   -36.49   0.000    -.0654065   -.0587377
         ed0 |   .0678401   .0032159    21.10   0.000     .0615367    .0741435
         ed1 |   .0561859   .0023569    23.84   0.000     .0515662    .0608055
         ed3 |  -.0038443    .002041    -1.88   0.060    -.0078448    .0001562
         ed4 |  -.0180519   .0023528    -7.67   0.000    -.0226635   -.0134403
         ed5 |   .0089681   .0026618     3.37   0.001     .0037509    .0141854
         ex1 |   .0958667   .0029956    32.00   0.000     .0899951    .1017382
         ex2 |   .0109408   .0029869     3.66   0.000     .0050864    .0167952
         ex3 |   .0036763   .0030109     1.22   0.222    -.0022252    .0095779
         ex4 |    .001283    .003195     0.40   0.688    -.0049795    .0075455
         ex6 |   .0013253   .0035448     0.37   0.709    -.0056227    .0082733
         ex7 |   .0063732   .0036981     1.72   0.085    -.0008753    .0136217
         ex8 |   .0009199    .003855     0.24   0.811    -.0066361    .0084759
         ex9 |  -.0115486   .0038635    -2.99   0.003    -.0191212    -.003976
       _cons |   .1613379   .0026382    61.15   0.000     .1561669    .1665089
------------------------------------------------------------------------------
(40347 missing values generated)

      Source |       SS       df       MS              Number of obs =   23278
-------------+------------------------------           F( 14, 23263) =  160.09
       Model |   241.56911    14  17.2549364           Prob > F      =  0.0000
    Residual |  2507.29014 23263  .107780172           R-squared     =  0.0879
-------------+------------------------------           Adj R-squared =  0.0873
       Total |  2748.85925 23277  .118093365           Root MSE      =   .3283
------------------------------------------------------------------------------
    rif0_var |      Coef.   Std. Err.      t    P>|t|     [95% Conf. Interval]
-------------+----------------------------------------------------------------
     covered |  -.1219889   .0050295   -24.25   0.000    -.1318471   -.1121308
         ed0 |   .0824736   .0095078     8.67   0.000     .0638378    .1011094
         ed1 |   .1091643   .0069681    15.67   0.000     .0955064    .1228222
         ed3 |   .0324591   .0060342     5.38   0.000     .0206316    .0442865
         ed4 |   .0731311    .006956    10.51   0.000     .0594969    .0867653
         ed5 |   .1853292   .0078695    23.55   0.000     .1699045    .2007539
         ex1 |   .0991372   .0088565    11.19   0.000     .0817779    .1164964
         ex2 |   -.061695   .0088306    -6.99   0.000    -.0790036   -.0443864
         ex3 |  -.0464013   .0089017    -5.21   0.000    -.0638492   -.0289533
         ex4 |  -.0187418   .0094461    -1.98   0.047    -.0372568   -.0002268
         ex6 |    .011142   .0104801     1.06   0.288    -.0093996    .0316837
         ex7 |   .0185891   .0109333     1.70   0.089     -.002841    .0400191
         ex8 |   .0151756   .0113972     1.33   0.183    -.0071637    .0375148
         ex9 |  -.0367827   .0114222    -3.22   0.001     -.059171   -.0143944
       _cons |   .2683771   .0077998    34.41   0.000      .253089    .2836652
------------------------------------------------------------------------------

                           lwage1
-------------------------------------------------------------
      Percentiles      Smallest
 1%     .6563664       .0006496
 5%     .8768265       .0123474
10%     .9956306       .0202027       Obs               23278
25%     1.350067       .0212795       Sum of Wgt.   146507044

50%      1.78813                      Mean           1.755247
                        Largest       Std. Dev.       .535622
75%     2.152232       3.331535
90%     2.447359       3.368674       Variance       .2868909
95%     2.611989       3.540174       Skewness      -.1134282
99%     2.847898       4.088343       Kurtosis       2.434863
(sampling weights assumed)

Gini coefficient = 0.1743118
(48152 missing values generated)
(1596 real changes made)
(54919 missing values generated)
(8363 real changes made)
(61960 missing values generated)
(15404 real changes made)

      Source |       SS       df       MS              Number of obs =   17069
-------------+------------------------------           F( 14, 17054) =  197.49
       Model |  37.4754396    14  2.67681712           Prob > F      =  0.0000
    Residual |  231.152377 17054  .013554144           R-squared     =  0.1395
-------------+------------------------------           Adj R-squared =  0.1388
       Total |  268.627817 17068  .015738682           Root MSE      =  .11642
------------------------------------------------------------------------------
   rif1_gini |      Coef.   Std. Err.      t    P>|t|     [95% Conf. Interval]
-------------+----------------------------------------------------------------
     covered |  -.0478839   .0024761   -19.34   0.000    -.0527374   -.0430304
         ed0 |   .0839806   .0045221    18.57   0.000     .0751168    .0928443
         ed1 |   .0585466   .0035222    16.62   0.000     .0516427    .0654505
         ed3 |  -.0130427   .0023547    -5.54   0.000    -.0176582   -.0084273
         ed4 |  -.0058035   .0025987    -2.23   0.026    -.0108973   -.0007098
         ed5 |   .0399206   .0032618    12.24   0.000     .0335271     .046314
         ex1 |   .0920025   .0035394    25.99   0.000     .0850649    .0989401
         ex2 |   .0082337   .0034802     2.37   0.018     .0014122    .0150553
         ex3 |  -.0016742   .0034469    -0.49   0.627    -.0084305    .0050821
         ex4 |   .0021845   .0034563     0.63   0.527    -.0045901    .0089591
         ex6 |  -.0051513   .0035684    -1.44   0.149    -.0121456    .0018431
         ex7 |  -.0026114   .0036815    -0.71   0.478    -.0098274    .0046047
         ex8 |   .0010468   .0043054     0.24   0.808    -.0073923    .0094858
         ex9 |   .0102682   .0049812     2.06   0.039     .0005046    .0200318
       _cons |    .173401   .0028397    61.06   0.000     .1678349    .1789671
------------------------------------------------------------------------------
(46556 missing values generated)

      Source |       SS       df       MS              Number of obs =   17069
-------------+------------------------------           F( 14, 17054) =  131.82
       Model |  345.776051    14  24.6982893           Prob > F      =  0.0000
    Residual |  3195.30979 17054  .187364243           R-squared     =  0.0976
-------------+------------------------------           Adj R-squared =  0.0969
       Total |  3541.08584 17068   .20746929           Root MSE      =  .43286
------------------------------------------------------------------------------
    rif1_var |      Coef.   Std. Err.      t    P>|t|     [95% Conf. Interval]
-------------+----------------------------------------------------------------
     covered |  -.1111996   .0092063   -12.08   0.000    -.1292448   -.0931543
         ed0 |    .152097    .016813     9.05   0.000     .1191418    .1850522
         ed1 |   .1399367   .0130955    10.69   0.000     .1142683    .1656051
         ed3 |   .0128408   .0087547     1.47   0.142    -.0043194    .0300009
         ed4 |   .1672797    .009662    17.31   0.000     .1483413    .1862181
         ed5 |   .4095826   .0121273    33.77   0.000     .3858119    .4333533
         ex1 |   .1221633   .0131595     9.28   0.000     .0963694    .1479572
         ex2 |  -.0696772   .0129393    -5.38   0.000    -.0950395   -.0443148
         ex3 |  -.0494297   .0128155    -3.86   0.000    -.0745495     -.02431
         ex4 |  -.0109405   .0128503    -0.85   0.395    -.0361285    .0142475
         ex6 |  -.0175382   .0132671    -1.32   0.186    -.0435431    .0084667
         ex7 |  -.0081136   .0136877    -0.59   0.553    -.0349429    .0187156
         ex8 |   .0076997   .0160074     0.48   0.631    -.0236765    .0390758
         ex9 |   .0365912   .0185199     1.98   0.048     .0002904    .0728921
       _cons |   .2772642   .0105579    26.26   0.000     .2565696    .2979588
------------------------------------------------------------------------------

                           lwage1
-------------------------------------------------------------
      Percentiles      Smallest
 1%     .6597183       .0100086
 5%     .9123781       .0227219
10%     1.053752       .0255128       Obs               17069
25%     1.354808       .0327032       Sum of Wgt.   142272317

50%     1.778623                      Mean           1.807724
                        Largest       Std. Dev.      .5936143
75%     2.216009       4.221048
90%     2.612695        4.29756       Variance       .3523779
95%      2.84915       4.329666       Skewness       .2190325
99%     3.190969       4.518595       Kurtosis       2.670944
(sampling weights assumed)

Gini coefficient = 0.1866158
(43129 missing values generated)
(2782 real changes made)
(53335 missing values generated)
(12988 real changes made)
(62076 missing values generated)
(21729 real changes made)

      Source |       SS       df       MS              Number of obs =   23278
-------------+------------------------------           F( 14, 23263) =  449.45
       Model |  76.9294918    14   5.4949637           Prob > F      =  0.0000
    Residual |  284.415073 23263   .01222607           R-squared     =  0.2129
-------------+------------------------------           Adj R-squared =  0.2124
       Total |  361.344565 23277  .015523674           Root MSE      =  .11057
------------------------------------------------------------------------------
   rif2_gini |      Coef.   Std. Err.      t    P>|t|     [95% Conf. Interval]
-------------+----------------------------------------------------------------
     covered |  -.0568128   .0020144   -28.20   0.000    -.0607611   -.0528645
         ed0 |    .101993   .0036832    27.69   0.000     .0947737    .1092123
         ed1 |    .073597   .0028688    25.65   0.000     .0679739    .0792201
         ed3 |  -.0080291   .0019139    -4.20   0.000    -.0117805   -.0042776
         ed4 |  -.0200955   .0021126    -9.51   0.000    -.0242364   -.0159546
         ed5 |    .005537   .0026546     2.09   0.037     .0003338    .0107401
         ex1 |   .1220024   .0028784    42.38   0.000     .1163605    .1276443
         ex2 |    .021188   .0028303     7.49   0.000     .0156405    .0267356
         ex3 |   .0097088    .002803     3.46   0.001     .0042147    .0152028
         ex4 |   .0026717   .0028099     0.95   0.342    -.0028358    .0081792
         ex6 |   .0035416   .0029019     1.22   0.222    -.0021462    .0092294
         ex7 |   .0077518   .0029955     2.59   0.010     .0018804    .0136232
         ex8 |   .0093271   .0034993     2.67   0.008     .0024682     .016186
         ex9 |  -.0008911   .0040522    -0.22   0.826    -.0088336    .0070515
       _cons |   .1539858   .0023073    66.74   0.000     .1494634    .1585082
------------------------------------------------------------------------------
(40347 missing values generated)

      Source |       SS       df       MS              Number of obs =   23278
-------------+------------------------------           F( 14, 23263) =  189.62
       Model |  315.869893    14  22.5621352           Prob > F      =  0.0000
    Residual |   2768.0066 23263  .118987517           R-squared     =  0.1024
-------------+------------------------------           Adj R-squared =  0.1019
       Total |   3083.8765 23277  .132485995           Root MSE      =  .34495
------------------------------------------------------------------------------
    rif2_var |      Coef.   Std. Err.      t    P>|t|     [95% Conf. Interval]
-------------+----------------------------------------------------------------
     covered |  -.1430672   .0062842   -22.77   0.000    -.1553846   -.1307498
         ed0 |   .1953188   .0114903    17.00   0.000      .172797    .2178406
         ed1 |   .1742388   .0089498    19.47   0.000     .1566967     .191781
         ed3 |   .0276103   .0059708     4.62   0.000     .0159071    .0393136
         ed4 |   .0700016   .0065907    10.62   0.000     .0570833    .0829198
         ed5 |   .1801894   .0082814    21.76   0.000     .1639574    .1964214
         ex1 |   .1971591   .0089797    21.96   0.000     .1795582      .21476
         ex2 |  -.0325611   .0088295    -3.69   0.000    -.0498676   -.0152546
         ex3 |  -.0316217   .0087444    -3.62   0.000    -.0487613   -.0144821
         ex4 |  -.0122451   .0087658    -1.40   0.162    -.0294267    .0049364
         ex6 |   .0240736   .0090528     2.66   0.008     .0063295    .0418176
         ex7 |    .026619    .009345     2.85   0.004     .0083021    .0449359
         ex8 |    .044911   .0109167     4.11   0.000     .0235135    .0663085
         ex9 |  -.0120299   .0126414    -0.95   0.341    -.0368079    .0127482
       _cons |   .2442811   .0071979    33.94   0.000     .2301728    .2583894
------------------------------------------------------------------------------

                           lwage1
-------------------------------------------------------------
      Percentiles      Smallest
 1%     .6873239       .0006496
 5%     .8923759       .0123474
10%     1.042373       .0202027       Obs               23278
25%     1.426198       .0212795       Sum of Wgt.   146525538

50%      1.88707                      Mean           1.837268
                        Largest       Std. Dev.      .5544501
75%      2.24919       3.331535
90%     2.557448       3.368674       Variance       .3074149
95%     2.698416       3.540174       Skewness      -.1935347
99%     2.877715       4.088343       Kurtosis        2.40197
(sampling weights assumed)

Gini coefficient = 0.1724656

.  drop eval* denst*;

. gen rifat=.;
(63625 missing values generated)

. forvalues qt = 10(40)90 {       ;
  2. di "evaluating quantile= " `qt';
  3. ** get decomposition without reweighing [E(X_1|t=1)- E(X_0|t=0)]B_0   ;
.  replace rifat=rif0_`qt' if time==0;
  4.  replace rifat=rif1_`qt' if time==1;
  5.  oaxaca rifat covered ed0 ed1 ed3 ed4 ed5 ex1 ex2 ex3 ex4 ex6 ex7 ex8 ex9 
>    [aweight=eweight] if time==0 | time==1, 
>         by(time) weight(1) 
>         detail(groupun:covered,
>         grouped:ed0 ed1 ed3 ed4 ed5 ,
>         groupex:ex1 ex2 ex3 ex4 ex6 ex7 ex8 ex9 );
  6.  matrix Ra`qt'=e(b);
  7. replace rifat=.;
  8. *** get composition effects with reweighing [E(X_0|t=1)- E(X_0|t=0)]B_c  as explained in ;
.  replace rifat=rif2_`qt' if time==2;
  9.  replace rifat=rif0_`qt' if time==0;
 10.  oaxaca rifat covered ed0 ed1 ed3 ed4 ed5 ex1 ex2 ex3 ex4 ex6 ex7 ex8 ex9 
> [aweight=eweight] if time==0 | time==2,  
>         by(time) weight(1) 
>         detail(groupun:covered,
>         grouped:ed0 ed1 ed3 ed4 ed5 ,
>         groupex:ex1 ex2 ex3 ex4 ex6 ex7 ex8 ex9 );
 11.  matrix Rc=e(b);
 12.  replace rifat=.;
 13. *** get wage structure effects E(X_1|t=1)*[B_1-B_c]  as unexplained in ;
.  replace rifat=rif1_`qt' if time==1;
 14.  replace rifat=rif2_`qt' if time==2;
 15.  oaxaca rifat covered ed0 ed1 ed3 ed4 ed5 ex1 ex2 ex3 ex4 ex6 ex7 ex8 ex9 
>  [aweight=eweight] if time==1 | time==2,  
>         by(time) weight(0) 
>         detail(groupun:covered,
>         grouped:ed0 ed1 ed3 ed4 ed5 ,
>         groupex:ex1 ex2 ex3 ex4 ex6 ex7 ex8 ex9 );
 16.  matrix Rw=e(b);
 17. matrix Rcrwer=Ra`qt'[1,7]-Rc[1,7];
 18. matrix colnames Rcrwer = Rwerror;
 19. matrix Rwc=Rw[1,11];
 20. matrix colnames Rwc = constant;
 21. matrix Rt`qt'=Ra`qt'[1,1..3],Rc[1,4..7],-Rw[1,8..10],-Rwc,-Rw[1,12],Rcrwer;
 22. matrix list Rt`qt';
 23.  };
evaluating quantile= 10
(23278 real changes made)
(17069 real changes made)

Blinder-Oaxaca decomposition                      Number of obs   =      40347

           1: time = 0
           2: time = 1

------------------------------------------------------------------------------
       rifat |      Coef.   Std. Err.      z    P>|z|     [95% Conf. Interval]
-------------+----------------------------------------------------------------
Differential |
Prediction_1 |     .99736   .0049779   200.36   0.000     .9876035    1.007117
Prediction_2 |   1.053763   .0054731   192.53   0.000     1.043035     1.06449
  Difference |  -.0564025   .0073983    -7.62   0.000    -.0709029   -.0419022
-------------+----------------------------------------------------------------
Explained    |
     groupun |   .0211445   .0013778    15.35   0.000      .018444     .023845
     grouped |  -.0414725   .0022758   -18.22   0.000    -.0459331   -.0370119
     groupex |  -.0374397    .002714   -13.80   0.000     -.042759   -.0321204
       Total |  -.0577677   .0039475   -14.63   0.000    -.0655047   -.0500307
-------------+----------------------------------------------------------------
Unexplained  |
     groupun |    .008296   .0027688     3.00   0.003     .0028692    .0137227
     grouped |  -.0080235    .010006    -0.80   0.423     -.027635     .011588
     groupex |   .0086842   .0188423     0.46   0.645    -.0282461    .0456145
       _cons |  -.0075915   .0228638    -0.33   0.740    -.0524038    .0372208
       Total |   .0013652   .0071803     0.19   0.849     -.012708    .0154384
------------------------------------------------------------------------------
groupun: covered
grouped: ed0 ed1 ed3 ed4 ed5
groupex: ex1 ex2 ex3 ex4 ex6 ex7 ex8 ex9
(40347 real changes made, 40347 to missing)
(23278 real changes made)
(23278 real changes made)

Blinder-Oaxaca decomposition                      Number of obs   =      46556

           1: time = 0
           2: time = 2

------------------------------------------------------------------------------
       rifat |      Coef.   Std. Err.      z    P>|z|     [95% Conf. Interval]
-------------+----------------------------------------------------------------
Differential |
Prediction_1 |     .99736   .0049779   200.36   0.000     .9876035    1.007117
Prediction_2 |   1.043236    .006185   168.67   0.000     1.031114    1.055358
  Difference |  -.0458759   .0079394    -5.78   0.000    -.0614368    -.030315
-------------+----------------------------------------------------------------
Explained    |
     groupun |   .0212063   .0013505    15.70   0.000     .0185593    .0238532
     grouped |  -.0415849   .0021816   -19.06   0.000    -.0458607   -.0373091
     groupex |  -.0374529   .0025762   -14.54   0.000    -.0425022   -.0324036
       Total |  -.0578316   .0037708   -15.34   0.000    -.0652222   -.0504409
-------------+----------------------------------------------------------------
Unexplained  |
     groupun |  -.0004472   .0029457    -0.15   0.879    -.0062207    .0053262
     grouped |   .0263551   .0106157     2.48   0.013     .0055486    .0471616
     groupex |   .0655548   .0197972     3.31   0.001     .0267529    .1043567
       _cons |  -.0795071   .0240426    -3.31   0.001    -.1266298   -.0323843
       Total |   .0119556   .0075927     1.57   0.115    -.0029257     .026837
------------------------------------------------------------------------------
groupun: covered
grouped: ed0 ed1 ed3 ed4 ed5
groupex: ex1 ex2 ex3 ex4 ex6 ex7 ex8 ex9
(46556 real changes made, 46556 to missing)
(17069 real changes made)
(23278 real changes made)

Blinder-Oaxaca decomposition                      Number of obs   =      40347

           1: time = 1
           2: time = 2

------------------------------------------------------------------------------
       rifat |      Coef.   Std. Err.      z    P>|z|     [95% Conf. Interval]
-------------+----------------------------------------------------------------
Differential |
Prediction_1 |   1.053763   .0054731   192.53   0.000     1.043035     1.06449
Prediction_2 |   1.043236    .006185   168.67   0.000     1.031114    1.055358
  Difference |   .0105266   .0082589     1.27   0.202    -.0056605    .0267137
-------------+----------------------------------------------------------------
Explained    |
     groupun |   .0000626   .0007382     0.08   0.932    -.0013841    .0015094
     grouped |  -.0002066   .0024334    -0.08   0.932     -.004976    .0045628
     groupex |  -.0000196   .0031131    -0.01   0.995    -.0061211    .0060819
       Total |  -.0001636   .0042179    -0.04   0.969    -.0084305    .0081034
-------------+----------------------------------------------------------------
Unexplained  |
     groupun |  -.0087441   .0032913    -2.66   0.008     -.015195   -.0022932
     grouped |   .0344728   .0112554     3.06   0.002     .0124126    .0565329
     groupex |   .0568771   .0193389     2.94   0.003     .0189735    .0947806
       _cons |  -.0719156   .0238223    -3.02   0.003    -.1186063   -.0252248
       Total |   .0106902   .0075584     1.41   0.157     -.004124    .0255044
------------------------------------------------------------------------------
groupun: covered
grouped: ed0 ed1 ed3 ed4 ed5
groupex: ex1 ex2 ex3 ex4 ex6 ex7 ex8 ex9

Rt10[1,13]
     Differential:  Differential:  Differential:     Explained:     Explained:     Explained:
     Prediction_1   Prediction_2     Difference        groupun        grouped        groupex
y1      .99736003      1.0537626     -.05640253      .02120626     -.04158492     -.03745289

        Explained:   Unexplained:   Unexplained:   Unexplained:                              
            Total        groupun        grouped        groupex       constant            c12
y1     -.05783156      .00874408     -.03447276     -.05687708      .07191557     -.01069019

                  
          Rwerror
y1      .00006384
evaluating quantile= 50
(23278 real changes made)
(17069 real changes made)

Blinder-Oaxaca decomposition                      Number of obs   =      40347

           1: time = 0
           2: time = 1

------------------------------------------------------------------------------
       rifat |      Coef.   Std. Err.      z    P>|z|     [95% Conf. Interval]
-------------+----------------------------------------------------------------
Differential |
Prediction_1 |   1.788246   .0052152   342.89   0.000     1.778024    1.798468
Prediction_2 |   1.779113   .0061137   291.00   0.000     1.767131    1.791096
  Difference |   .0091327   .0080359     1.14   0.256    -.0066173    .0248827
-------------+----------------------------------------------------------------
Explained    |
     groupun |   .0413067   .0019013    21.72   0.000     .0375801    .0450333
     grouped |  -.0720324   .0032961   -21.85   0.000    -.0784927   -.0655722
     groupex |  -.0597948    .002961   -20.19   0.000    -.0655983   -.0539913
       Total |  -.0905205   .0049266   -18.37   0.000    -.1001764   -.0808647
-------------+----------------------------------------------------------------
Unexplained  |
     groupun |   .0092055   .0027677     3.33   0.001      .003781      .01463
     grouped |  -.0646073   .0099809    -6.47   0.000    -.0841694   -.0450452
     groupex |  -.0469753   .0187034    -2.51   0.012    -.0836333   -.0103174
       _cons |   .2020304   .0227082     8.90   0.000     .1575232    .2465376
       Total |   .0996532    .007151    13.94   0.000     .0856375     .113669
------------------------------------------------------------------------------
groupun: covered
grouped: ed0 ed1 ed3 ed4 ed5
groupex: ex1 ex2 ex3 ex4 ex6 ex7 ex8 ex9
(63625 real changes made, 63625 to missing)
(23278 real changes made)
(23278 real changes made)

Blinder-Oaxaca decomposition                      Number of obs   =      46556

           1: time = 0
           2: time = 2

------------------------------------------------------------------------------
       rifat |      Coef.   Std. Err.      z    P>|z|     [95% Conf. Interval]
-------------+----------------------------------------------------------------
Differential |
Prediction_1 |   1.788246   .0052152   342.89   0.000     1.778024    1.798468
Prediction_2 |   1.887106   .0049177   383.74   0.000     1.877468    1.896745
  Difference |  -.0988605   .0071681   -13.79   0.000    -.1129098   -.0848113
-------------+----------------------------------------------------------------
Explained    |
     groupun |   .0414273   .0018192    22.77   0.000     .0378618    .0449929
     grouped |  -.0720908   .0030894   -23.33   0.000     -.078146   -.0660356
     groupex |   -.059841   .0027889   -21.46   0.000    -.0653071   -.0543749
       Total |  -.0905045   .0046292   -19.55   0.000    -.0995774   -.0814315
-------------+----------------------------------------------------------------
Unexplained  |
     groupun |   .0226096   .0024765     9.13   0.000     .0177558    .0274634
     grouped |  -.0025896   .0089801    -0.29   0.773    -.0201903    .0150111
     groupex |   -.026751   .0171606    -1.56   0.119    -.0603852    .0068831
       _cons |   -.001625   .0207705    -0.08   0.938    -.0423345    .0390845
       Total |  -.0083561     .00653    -1.28   0.201    -.0211547    .0044426
------------------------------------------------------------------------------
groupun: covered
grouped: ed0 ed1 ed3 ed4 ed5
groupex: ex1 ex2 ex3 ex4 ex6 ex7 ex8 ex9
(46556 real changes made, 46556 to missing)
(17069 real changes made)
(23278 real changes made)

Blinder-Oaxaca decomposition                      Number of obs   =      40347

           1: time = 1
           2: time = 2

------------------------------------------------------------------------------
       rifat |      Coef.   Std. Err.      z    P>|z|     [95% Conf. Interval]
-------------+----------------------------------------------------------------
Differential |
Prediction_1 |   1.779113   .0061137   291.00   0.000     1.767131    1.791096
Prediction_2 |   1.887106   .0049177   383.74   0.000     1.877468    1.896745
  Difference |  -.1079932   .0078461   -13.76   0.000    -.1233712   -.0926152
-------------+----------------------------------------------------------------
Explained    |
     groupun |    .000076   .0008952     0.08   0.932    -.0016785    .0018304
     grouped |  -.0000577   .0027753    -0.02   0.983    -.0054971    .0053817
     groupex |  -.0000457   .0024244    -0.02   0.985    -.0047975    .0047061
       Total |  -.0000274   .0039245    -0.01   0.994    -.0077193    .0076645
-------------+----------------------------------------------------------------
Unexplained  |
     groupun |   .0134488   .0029121     4.62   0.000     .0077411    .0191565
     grouped |    .062017   .0099441     6.24   0.000      .042527     .081507
     groupex |   .0202237   .0170592     1.19   0.236    -.0132116    .0536591
       _cons |  -.2036554   .0210345    -9.68   0.000    -.2448822   -.1624285
       Total |  -.1079658   .0066425   -16.25   0.000    -.1209849   -.0949468
------------------------------------------------------------------------------
groupun: covered
grouped: ed0 ed1 ed3 ed4 ed5
groupex: ex1 ex2 ex3 ex4 ex6 ex7 ex8 ex9

Rt50[1,13]
     Differential:  Differential:  Differential:     Explained:     Explained:     Explained:
     Prediction_1   Prediction_2     Difference        groupun        grouped        groupex
y1      1.7882459      1.7791132       .0091327      .04142734     -.07209081     -.05984101

        Explained:   Unexplained:   Unexplained:   Unexplained:                              
            Total        groupun        grouped        groupex       constant            c12
y1     -.09050448     -.01344882     -.06201701     -.02022375      .20365538      .10796581

                  
          Rwerror
y1     -.00001607
evaluating quantile= 90
(23278 real changes made)
(17069 real changes made)

Blinder-Oaxaca decomposition                      Number of obs   =      40347

           1: time = 0
           2: time = 1

------------------------------------------------------------------------------
       rifat |      Coef.   Std. Err.      z    P>|z|     [95% Conf. Interval]
-------------+----------------------------------------------------------------
Differential |
Prediction_1 |   2.447412   .0055237   443.07   0.000     2.436586    2.458239
Prediction_2 |   2.612709   .0086964   300.43   0.000     2.595664    2.629753
  Difference |  -.1652962   .0103024   -16.04   0.000    -.1854886   -.1451038
-------------+----------------------------------------------------------------
Explained    |
     groupun |  -.0144585   .0013793   -10.48   0.000    -.0171618   -.0117551
     grouped |  -.0557361    .003358   -16.60   0.000    -.0623177   -.0491545
     groupex |   -.046528   .0024371   -19.09   0.000    -.0513046   -.0417515
       Total |  -.1167226   .0043932   -26.57   0.000    -.1253332    -.108112
-------------+----------------------------------------------------------------
Unexplained  |
     groupun |  -.0040959   .0039356    -1.04   0.298    -.0118094    .0036177
     grouped |  -.0971437   .0140239    -6.93   0.000    -.1246301   -.0696573
     groupex |  -.0150223   .0255046    -0.59   0.556    -.0650104    .0349657
       _cons |   .0676883   .0311043     2.18   0.030      .006725    .1286517
       Total |  -.0485736   .0098643    -4.92   0.000    -.0679072     -.02924
------------------------------------------------------------------------------
groupun: covered
grouped: ed0 ed1 ed3 ed4 ed5
groupex: ex1 ex2 ex3 ex4 ex6 ex7 ex8 ex9
(63625 real changes made, 63625 to missing)
(23278 real changes made)
(23278 real changes made)

Blinder-Oaxaca decomposition                      Number of obs   =      46556

           1: time = 0
           2: time = 2

------------------------------------------------------------------------------
       rifat |      Coef.   Std. Err.      z    P>|z|     [95% Conf. Interval]
-------------+----------------------------------------------------------------
Differential |
Prediction_1 |   2.447412   .0055237   443.07   0.000     2.436586    2.458239
Prediction_2 |   2.557807   .0048714   525.06   0.000     2.548259    2.567354
  Difference |  -.1103942    .007365   -14.99   0.000    -.1248292   -.0959591
-------------+----------------------------------------------------------------
Explained    |
     groupun |  -.0145007   .0013688   -10.59   0.000    -.0171834   -.0118179
     grouped |   -.055647   .0031564   -17.63   0.000    -.0618335   -.0494605
     groupex |  -.0465667   .0023324   -19.97   0.000     -.051138   -.0419953
       Total |  -.1167143   .0041759   -27.95   0.000    -.1248989   -.1085297
-------------+----------------------------------------------------------------
Unexplained  |
     groupun |   .0085247    .002741     3.11   0.002     .0031524     .013897
     grouped |   .0379355    .010084     3.76   0.000     .0181712    .0576997
     groupex |  -.0509192   .0193728    -2.63   0.009    -.0888892   -.0129493
       _cons |   .0107792   .0234225     0.46   0.645    -.0351281    .0566865
       Total |   .0063201   .0073761     0.86   0.392    -.0081367     .020777
------------------------------------------------------------------------------
groupun: covered
grouped: ed0 ed1 ed3 ed4 ed5
groupex: ex1 ex2 ex3 ex4 ex6 ex7 ex8 ex9
(46556 real changes made, 46556 to missing)
(17069 real changes made)
(23278 real changes made)

Blinder-Oaxaca decomposition                      Number of obs   =      40347

           1: time = 1
           2: time = 2

------------------------------------------------------------------------------
       rifat |      Coef.   Std. Err.      z    P>|z|     [95% Conf. Interval]
-------------+----------------------------------------------------------------
Differential |
Prediction_1 |   2.612709   .0086964   300.43   0.000     2.595664    2.629753
Prediction_2 |   2.557807   .0048714   525.06   0.000     2.548259    2.567354
  Difference |    .054902   .0099679     5.51   0.000     .0353653    .0744387
-------------+----------------------------------------------------------------
Explained    |
     groupun |  -.0000591   .0006961    -0.08   0.932    -.0014235    .0013053
     grouped |   .0000679   .0021722     0.03   0.975    -.0041894    .0043253
     groupex |  -.0000333    .001422    -0.02   0.981    -.0028203    .0027538
       Total |  -.0000244   .0026692    -0.01   0.993    -.0052559    .0052071
-------------+----------------------------------------------------------------
Unexplained  |
     groupun |   .0126374   .0040018     3.16   0.002      .004794    .0204809
     grouped |   .1351004   .0138019     9.79   0.000     .1080491    .1621516
     groupex |  -.0359022   .0234851    -1.53   0.126    -.0819321    .0101277
       _cons |  -.0569091   .0289623    -1.96   0.049    -.1136742   -.0001439
       Total |   .0549264   .0093051     5.90   0.000     .0366889     .073164
------------------------------------------------------------------------------
groupun: covered
grouped: ed0 ed1 ed3 ed4 ed5
groupex: ex1 ex2 ex3 ex4 ex6 ex7 ex8 ex9

Rt90[1,13]
     Differential:  Differential:  Differential:     Explained:     Explained:     Explained:
     Prediction_1   Prediction_2     Difference        groupun        grouped        groupex
y1      2.4474124      2.6127086     -.16529618     -.01450068     -.05564698     -.04656665

        Explained:   Unexplained:   Unexplained:   Unexplained:                              
            Total        groupun        grouped        groupex       constant            c12
y1     -.11671431     -.01263741     -.13510036      .03590224      .05690909     -.05492643

                  
          Rwerror
y1     -8.282e-06

.        foreach qt of newlist gini var {;
  2. *di "evaluating stat= " `qt';
. ** get decomposition without reweighing [E(X_1|t=1)- E(X_0|t=0)]B_0   ;
.  replace rifat=rif0_`qt' if time==0;
  3.  replace rifat=rif1_`qt' if time==1;
  4.  oaxaca rifat covered ed0 ed1 ed3 ed4 ed5 ex1 ex2 ex3 ex4 ex6 ex7 ex8 ex9 
>    [aweight=eweight] if time==0 | time==1, 
>         by(time) weight(1) 
>         detail(groupun:covered,
>         grouped:ed0 ed1 ed3 ed4 ed5 ,
>         groupex:ex1 ex2 ex3 ex4 ex6 ex7 ex8 ex9 );
  5.  matrix Ra`qt'=e(b);
  6. replace rifat=.;
  7. *** get composition effects with reweighing [E(X_0|t=1)- E(X_0|t=0)]B_c  as explained in ;
.  replace rifat=rif2_`qt' if time==2;
  8.  replace rifat=rif0_`qt' if time==0;
  9.  oaxaca rifat covered ed0 ed1 ed3 ed4 ed5 ex1 ex2 ex3 ex4 ex6 ex7 ex8 ex9 
> [aweight=eweight] if time==0 | time==2,  
>         by(time) weight(1) 
>         detail(groupun:covered,
>         grouped:ed0 ed1 ed3 ed4 ed5 ,
>         groupex:ex1 ex2 ex3 ex4 ex6 ex7 ex8 ex9 );
 10.  matrix Rc=e(b);
 11.  replace rifat=.;
 12. *** get wage structure effects E(X_1|t=1)*[B_1-B_c]  as unexplained in ;
.  replace rifat=rif1_`qt' if time==1;
 13.  replace rifat=rif2_`qt' if time==2;
 14.  oaxaca rifat covered ed0 ed1 ed3 ed4 ed5 ex1 ex2 ex3 ex4 ex6 ex7 ex8 ex9 
>  [aweight=eweight] if time==1 | time==2,  
>         by(time) weight(0) 
>         detail(groupun:covered,
>         grouped:ed0 ed1 ed3 ed4 ed5 ,
>         groupex:ex1 ex2 ex3 ex4 ex6 ex7 ex8 ex9 );
 15.  matrix Rw=e(b);
 16. matrix Rcrwer=Ra`qt'[1,7]-Rc[1,7];
 17. matrix colnames Rcrwer = Rwerror;
 18. matrix Rwc=Rw[1,11];
 19. matrix colnames Rwc = constant;
 20. matrix Rt`qt'=Ra`qt'[1,1..3],Rc[1,4..7],-Rw[1,8..10],-Rwc,-Rw[1,12],Rcrwer;
 21. matrix list Rt`qt';
 22.  };
(23278 real changes made)
(17069 real changes made)

Blinder-Oaxaca decomposition                      Number of obs   =      40347

           1: time = 0
           2: time = 1

------------------------------------------------------------------------------
       rifat |      Coef.   Std. Err.      z    P>|z|     [95% Conf. Interval]
-------------+----------------------------------------------------------------
Differential |
Prediction_1 |   .1743118   .0008121   214.65   0.000     .1727201    .1759034
Prediction_2 |   .1866158   .0009606   194.27   0.000     .1847331    .1884985
  Difference |   -.012304   .0012579    -9.78   0.000    -.0147694   -.0098387
-------------+----------------------------------------------------------------
Explained    |
     groupun |  -.0066295   .0003087   -21.47   0.000    -.0072346   -.0060245
     grouped |   .0053945   .0003414    15.80   0.000     .0047253    .0060637
     groupex |   .0048659   .0004108    11.84   0.000     .0040607    .0056712
       Total |   .0036309   .0006477     5.61   0.000     .0023614    .0049005
-------------+----------------------------------------------------------------
Unexplained  |
     groupun |  -.0022441   .0004768    -4.71   0.000    -.0031786   -.0013095
     grouped |  -.0038894   .0017111    -2.27   0.023    -.0072431   -.0005358
     groupex |   .0022616   .0031896     0.71   0.478    -.0039899    .0085131
       _cons |  -.0120631   .0038761    -3.11   0.002      -.01966   -.0044661
       Total |   -.015935   .0012205   -13.06   0.000    -.0183271   -.0135428
------------------------------------------------------------------------------
groupun: covered
grouped: ed0 ed1 ed3 ed4 ed5
groupex: ex1 ex2 ex3 ex4 ex6 ex7 ex8 ex9
(63625 real changes made, 63625 to missing)
(23278 real changes made)
(23278 real changes made)

Blinder-Oaxaca decomposition                      Number of obs   =      46556

           1: time = 0
           2: time = 2

------------------------------------------------------------------------------
       rifat |      Coef.   Std. Err.      z    P>|z|     [95% Conf. Interval]
-------------+----------------------------------------------------------------
Differential |
Prediction_1 |   .1743118   .0008121   214.65   0.000     .1727201    .1759034
Prediction_2 |   .1724656   .0008168   211.14   0.000     .1708646    .1740665
  Difference |   .0018462   .0011518     1.60   0.109    -.0004114    .0041037
-------------+----------------------------------------------------------------
Explained    |
     groupun |  -.0066489   .0002957   -22.48   0.000    -.0072285   -.0060693
     grouped |   .0054205   .0003293    16.46   0.000      .004775    .0060659
     groupex |   .0048671   .0003913    12.44   0.000     .0041001    .0056342
       Total |   .0036387   .0006195     5.87   0.000     .0024245    .0048529
-------------+----------------------------------------------------------------
Unexplained  |
     groupun |  -.0008302   .0004164    -1.99   0.046    -.0016463   -.0000141
     grouped |  -.0011186   .0015208    -0.74   0.462    -.0040993    .0018621
     groupex |  -.0071958   .0028944    -2.49   0.013    -.0128688   -.0015228
       _cons |   .0073521   .0035048     2.10   0.036     .0004829    .0142214
       Total |  -.0017925   .0011028    -1.63   0.104     -.003954    .0003689
------------------------------------------------------------------------------
groupun: covered
grouped: ed0 ed1 ed3 ed4 ed5
groupex: ex1 ex2 ex3 ex4 ex6 ex7 ex8 ex9
(46556 real changes made, 46556 to missing)
(17069 real changes made)
(23278 real changes made)

Blinder-Oaxaca decomposition                      Number of obs   =      40347

           1: time = 1
           2: time = 2

------------------------------------------------------------------------------
       rifat |      Coef.   Std. Err.      z    P>|z|     [95% Conf. Interval]
-------------+----------------------------------------------------------------
Differential |
Prediction_1 |   .1866158   .0009606   194.27   0.000     .1847331    .1884985
Prediction_2 |   .1724656   .0008168   211.14   0.000     .1708646    .1740665
  Difference |   .0141502   .0012609    11.22   0.000     .0116788    .0166215
-------------+----------------------------------------------------------------
Explained    |
     groupun |  -.0000177   .0002088    -0.08   0.932     -.000427    .0003916
     grouped |   .0000349   .0003174     0.11   0.912    -.0005871     .000657
     groupex |   1.68e-06   .0003948     0.00   0.997    -.0007722    .0007755
       Total |   .0000189   .0005793     0.03   0.974    -.0011165    .0011543
-------------+----------------------------------------------------------------
Unexplained  |
     groupun |   .0014122   .0005055     2.79   0.005     .0004215     .002403
     grouped |   .0027618   .0017298     1.60   0.110    -.0006286    .0061521
     groupex |  -.0094579   .0029677    -3.19   0.001    -.0152746   -.0036413
       _cons |   .0194152   .0036589     5.31   0.000      .012244    .0265865
       Total |   .0141313   .0011567    12.22   0.000     .0118642    .0163984
------------------------------------------------------------------------------
groupun: covered
grouped: ed0 ed1 ed3 ed4 ed5
groupex: ex1 ex2 ex3 ex4 ex6 ex7 ex8 ex9

Rtgini[1,13]
     Differential:  Differential:  Differential:     Explained:     Explained:     Explained:
     Prediction_1   Prediction_2     Difference        groupun        grouped        groupex
y1      .17431175      .18661577     -.01230402     -.00664889      .00542045      .00486714

        Explained:   Unexplained:   Unexplained:   Unexplained:                              
            Total        groupun        grouped        groupex       constant            c12
y1       .0036387     -.00141224     -.00276176      .00945792      -.0194152     -.01413128

                  
          Rwerror
y1     -7.749e-06
(23278 real changes made)
(17069 real changes made)

Blinder-Oaxaca decomposition                      Number of obs   =      40347

           1: time = 0
           2: time = 1

------------------------------------------------------------------------------
       rifat |      Coef.   Std. Err.      z    P>|z|     [95% Conf. Interval]
-------------+----------------------------------------------------------------
Differential |
Prediction_1 |   .2868786    .002253   127.33   0.000     .2824628    .2912944
Prediction_2 |   .3523573   .0034877   101.03   0.000     .3455216     .359193
  Difference |  -.0654787   .0041521   -15.77   0.000    -.0736166   -.0573408
-------------+----------------------------------------------------------------
Explained    |
     groupun |  -.0130289   .0007274   -17.91   0.000    -.0144546   -.0116031
     grouped |  -.0014196   .0009054    -1.57   0.117    -.0031941    .0003549
     groupex |  -.0005093   .0008554    -0.60   0.552    -.0021859    .0011673
       Total |  -.0149577   .0014978    -9.99   0.000    -.0178933   -.0120221
-------------+----------------------------------------------------------------
Unexplained  |
     groupun |  -.0017065   .0016595    -1.03   0.304    -.0049591    .0015461
     grouped |  -.0409419   .0059126    -6.92   0.000    -.0525303   -.0293535
     groupex |   .0010145    .010764     0.09   0.925    -.0200825    .0221115
       _cons |  -.0088871   .0131266    -0.68   0.498    -.0346147    .0168405
       Total |  -.0505209   .0041576   -12.15   0.000    -.0586696   -.0423722
------------------------------------------------------------------------------
groupun: covered
grouped: ed0 ed1 ed3 ed4 ed5
groupex: ex1 ex2 ex3 ex4 ex6 ex7 ex8 ex9
(63625 real changes made, 63625 to missing)
(23278 real changes made)
(23278 real changes made)

Blinder-Oaxaca decomposition                      Number of obs   =      46556

           1: time = 0
           2: time = 2

------------------------------------------------------------------------------
       rifat |      Coef.   Std. Err.      z    P>|z|     [95% Conf. Interval]
-------------+----------------------------------------------------------------
Differential |
Prediction_1 |   .2868786    .002253   127.33   0.000     .2824628    .2912944
Prediction_2 |   .3074017   .0023863   128.82   0.000     .3027246    .3120788
  Difference |  -.0205231   .0032818    -6.25   0.000    -.0269554   -.0140908
-------------+----------------------------------------------------------------
Explained    |
     groupun |  -.0130669   .0007069   -18.48   0.000    -.0144525   -.0116814
     grouped |  -.0013519    .000879    -1.54   0.124    -.0030748     .000371
     groupex |  -.0005169   .0008347    -0.62   0.536    -.0021528     .001119
       Total |  -.0149357   .0014585   -10.24   0.000    -.0177943   -.0120771
-------------+----------------------------------------------------------------
Unexplained  |
     groupun |   .0033273   .0012716     2.62   0.009     .0008351    .0058195
     grouped |    -.00807   .0046257    -1.74   0.081    -.0171362    .0009963
     groupex |  -.0249407   .0087587    -2.85   0.004    -.0421073    -.007774
       _cons |    .024096   .0106135     2.27   0.023      .003294    .0448981
       Total |  -.0055874   .0033434    -1.67   0.095    -.0121403    .0009655
------------------------------------------------------------------------------
groupun: covered
grouped: ed0 ed1 ed3 ed4 ed5
groupex: ex1 ex2 ex3 ex4 ex6 ex7 ex8 ex9
(46556 real changes made, 46556 to missing)
(17069 real changes made)
(23278 real changes made)

Blinder-Oaxaca decomposition                      Number of obs   =      40347

           1: time = 1
           2: time = 2

------------------------------------------------------------------------------
       rifat |      Coef.   Std. Err.      z    P>|z|     [95% Conf. Interval]
-------------+----------------------------------------------------------------
Differential |
Prediction_1 |   .3523573   .0034877   101.03   0.000     .3455216     .359193
Prediction_2 |   .3074017   .0023863   128.82   0.000     .3027246    .3120788
  Difference |   .0449556   .0042259    10.64   0.000      .036673    .0532382
-------------+----------------------------------------------------------------
Explained    |
     groupun |  -.0000446   .0005259    -0.08   0.932    -.0010754    .0009861
     grouped |   .0000982   .0006952     0.14   0.888    -.0012644    .0014608
     groupex |  -6.93e-06   .0007196    -0.01   0.992    -.0014174    .0014035
       Total |   .0000467   .0011739     0.04   0.968    -.0022542    .0023475
-------------+----------------------------------------------------------------
Unexplained  |
     groupun |   .0050403   .0017652     2.86   0.004     .0015805    .0085001
     grouped |   .0328413   .0060597     5.42   0.000     .0209646    .0447181
     groupex |  -.0259558   .0103626    -2.50   0.012    -.0462662   -.0056455
       _cons |   .0329831   .0127781     2.58   0.010     .0079385    .0580277
       Total |   .0449089    .004064    11.05   0.000     .0369436    .0528743
------------------------------------------------------------------------------
groupun: covered
grouped: ed0 ed1 ed3 ed4 ed5
groupex: ex1 ex2 ex3 ex4 ex6 ex7 ex8 ex9

Rtvar[1,13]
     Differential:  Differential:  Differential:     Explained:     Explained:     Explained:
     Prediction_1   Prediction_2     Difference        groupun        grouped        groupex
y1      .28687862      .35235729     -.06547867     -.01306692     -.00135191     -.00051689

        Explained:   Unexplained:   Unexplained:   Unexplained:                              
            Total        groupun        grouped        groupex       constant            c12
y1     -.01493571     -.00504032     -.03284133      .02595585     -.03298312     -.04490892

                  
          Rwerror
y1     -.00002202

.        matrix DR9010=Rt90-Rt10;

. matrix DR9050=Rt90-Rt50;

. matrix DR5010=Rt50-Rt10;

. matrix DA9010=Ra90-Ra10;

. matrix DA9050=Ra90-Ra50;

. matrix DA5010=Ra50-Ra10;

. matrix list DR9010;

DR9010[1,13]
     Differential:  Differential:  Differential:     Explained:     Explained:     Explained:
     Prediction_1   Prediction_2     Difference        groupun        grouped        groupex
y1      1.4500524       1.558946     -.10889365     -.03570694     -.01406205     -.00911376

        Explained:   Unexplained:   Unexplained:   Unexplained:                              
            Total        groupun        grouped        groupex       constant            c12
y1     -.05888275     -.02138149     -.10062759      .09277932     -.01500648     -.04423624

                  
          Rwerror
y1     -.00007212

. matrix list DA9010;

DA9010[1,12]
     Differential:  Differential:  Differential:     Explained:     Explained:     Explained:
     Prediction_1   Prediction_2     Difference        groupun        grouped        groupex
y1      1.4500524       1.558946     -.10889365     -.03560295     -.01426358     -.00908834

        Explained:   Unexplained:   Unexplained:   Unexplained:   Unexplained:   Unexplained:
            Total        groupun        grouped        groupex          _cons          Total
y1     -.05895487     -.01239184     -.08912024     -.02370651      .07527982     -.04993878

. matrix list DR5010;

DR5010[1,13]
     Differential:  Differential:  Differential:     Explained:     Explained:     Explained:
     Prediction_1   Prediction_2     Difference        groupun        grouped        groupex
y1       .7908859      .72535066      .06553523      .02022108     -.03050588     -.02238812

        Explained:   Unexplained:   Unexplained:   Unexplained:                              
            Total        groupun        grouped        groupex       constant            c12
y1     -.03267292      -.0221929     -.02754424      .03665333       .1317398        .118656

                  
          Rwerror
y1     -.00007991

. matrix list DA5010;

DA5010[1,12]
     Differential:  Differential:  Differential:     Explained:     Explained:     Explained:
     Prediction_1   Prediction_2     Difference        groupun        grouped        groupex
y1       .7908859      .72535066      .06553523       .0201622     -.03055993      -.0223551

        Explained:   Unexplained:   Unexplained:   Unexplained:   Unexplained:   Unexplained:
            Total        groupun        grouped        groupex          _cons          Total
y1     -.03275283      .00090951      -.0565838      -.0556595      .20962185      .09828806

. matrix list DR9050;

DR9050[1,13]
     Differential:  Differential:  Differential:     Explained:     Explained:     Explained:
     Prediction_1   Prediction_2     Difference        groupun        grouped        groupex
y1       .6591665      .83359538     -.17442889     -.05592802      .01644383      .01327436

        Explained:   Unexplained:   Unexplained:   Unexplained:                              
            Total        groupun        grouped        groupex       constant            c12
y1     -.02620983      .00081141     -.07308335      .05612599     -.14674629     -.16289224

                  
          Rwerror
y1      7.788e-06

. matrix list DA9050;

DA9050[1,12]
     Differential:  Differential:  Differential:     Explained:     Explained:     Explained:
     Prediction_1   Prediction_2     Difference        groupun        grouped        groupex
y1       .6591665      .83359538     -.17442889     -.05576515      .01629635      .01326676

        Explained:   Unexplained:   Unexplained:   Unexplained:   Unexplained:   Unexplained:
            Total        groupun        grouped        groupex          _cons          Total
y1     -.02620204     -.01330135     -.03253645      .03195298     -.13434203     -.14822684

. matrix list Rtvar;

Rtvar[1,13]
     Differential:  Differential:  Differential:     Explained:     Explained:     Explained:
     Prediction_1   Prediction_2     Difference        groupun        grouped        groupex
y1      .28687862      .35235729     -.06547867     -.01306692     -.00135191     -.00051689

        Explained:   Unexplained:   Unexplained:   Unexplained:                              
            Total        groupun        grouped        groupex       constant            c12
y1     -.01493571     -.00504032     -.03284133      .02595585     -.03298312     -.04490892

                  
          Rwerror
y1     -.00002202

. matrix list Ravar;

Ravar[1,12]
     Differential:  Differential:  Differential:     Explained:     Explained:     Explained:
     Prediction_1   Prediction_2     Difference        groupun        grouped        groupex
y1      .28687862      .35235729     -.06547867     -.01302886     -.00141957      -.0005093

        Explained:   Unexplained:   Unexplained:   Unexplained:   Unexplained:   Unexplained:
            Total        groupun        grouped        groupex          _cons          Total
y1     -.01495773     -.00170649     -.04094187       .0010145     -.00888708     -.05052094

. matrix list Rtgini;

Rtgini[1,13]
     Differential:  Differential:  Differential:     Explained:     Explained:     Explained:
     Prediction_1   Prediction_2     Difference        groupun        grouped        groupex
y1      .17431175      .18661577     -.01230402     -.00664889      .00542045      .00486714

        Explained:   Unexplained:   Unexplained:   Unexplained:                              
            Total        groupun        grouped        groupex       constant            c12
y1       .0036387     -.00141224     -.00276176      .00945792      -.0194152     -.01413128

                  
          Rwerror
y1     -7.749e-06

. matrix list Ragini;

Ragini[1,12]
     Differential:  Differential:  Differential:     Explained:     Explained:     Explained:
     Prediction_1   Prediction_2     Difference        groupun        grouped        groupex
y1      .17431175      .18661577     -.01230402     -.00662953      .00539453      .00486594

        Explained:   Unexplained:   Unexplained:   Unexplained:   Unexplained:   Unexplained:
            Total        groupun        grouped        groupex          _cons          Total
y1      .00363095     -.00224407     -.00388942      .00226161     -.01206309     -.01593497

. 
end of do-file

. log close
       log:  C:\Projects\FFL\DM1\DM_mineq_T6even.log
  log type:  text
 closed on:  30 Apr 2010, 10:19:09
-------------------------------------------------------------------------------------------------------
